../Core/Inc/BH1750.h:16:6:BH1750_Init	32	static
../Core/Inc/BH1750.h:25:8:BH1750_ReadLux	32	static
../Core/Src/main.c:75:5:main	8	static
../Core/Src/main.c:124:6:SystemClock_Config	96	static
../Core/Src/main.c:175:13:MX_I2C1_Init	8	static
../Core/Src/main.c:223:13:MX_USART1_UART_Init	8	static
../Core/Src/main.c:271:13:MX_GPIO_Init	16	static
../Core/Src/main.c:286:5:_write	24	static
../Core/Src/main.c:291:6:fill_light_buffer	16	static
../Core/Src/main.c:308:6:LOG	16	static
../Core/Src/main.c:323:6:Error_Handler	4	static,ignoring_inline_asm
