11:36:11 **** Incremental Build of configuration Debug for project interfacing_BH1750 ****
make -j16 all 
arm-none-eabi-size  interfacing_BH1750.elf 
   text	   data	    bss	    dec	    hex	filename
  40356	    468	   2148	  42972	   a7dc	interfacing_BH1750.elf
Finished building: default.size.stdout
 
11:37:00 **** Incremental Build of configuration Debug for project interfacing_BH1750 ****
make -j16 all 
arm-none-eabi-size  interfacing_BH1750.elf 
   text	   data	    bss	    dec	    hex	filename
  40356	    468	   2148	  42972	   a7dc	interfacing_BH1750.elf
Finished building: default.size.stdout
 
